// Jest Snapshot v1, https://goo.gl/fbAQLP

exports[`LogoSample component should render correctly 1`] = `
<DocumentFragment>
  <h2>
    Logo Component
  </h2>
  <a
    class="logo logo"
    href="/"
  >
    <img
      alt="logo"
      class=""
      src="ui.png"
      style="width: 44px; height: 44px; filter: invert(1);"
    />
    <h1
      class="h1"
    >
      My Custom 
      <br />
      <span
        class="span"
      >
        UI Design Components
      </span>
    </h1>
  </a>
  <div>
    <h3>
      Props Documentation
    </h3>
    <table
      class="table"
    >
      <thead>
        <tr>
          <th
            class="header"
          >
            Prop Name
          </th>
          <th
            class="header"
          >
            Type
          </th>
          <th
            class="header"
          >
            Description
          </th>
          <th
            class="header"
          >
            Modify
          </th>
        </tr>
      </thead>
      <tbody>
        <tr>
          <td
            class="cell"
          >
            className
          </td>
          <td
            class="cell"
          >
            string
          </td>
          <td
            class="cell"
          >
            Classe CSS suppl√©mentaire pour personnaliser le style du logo. Optionnel.
          </td>
          <td
            class="cell"
          />
        </tr>
      </tbody>
    </table>
  </div>
</DocumentFragment>
`;
